=== Slice 1 container E2E ===
ROOT=/Users/genghishameha/Developer/NIOVI-Architect/Opal
time=2026-07-31T22:49:02Z
--- start existing images (SKIP_COMPOSE_REBUILD=1) ---
OK health: opal_ai (http://127.0.0.1:8000/health)
OK health: opal_core (http://127.0.0.1:4000/health)
client-info: {"ai_client":"OpalCore.AI.HTTPClient","ai_service_url":"http://opal_ai:8000","dev_auth_enabled":true,"event_probe_enabled":true}
compose services:
NAME                IMAGE                COMMAND                  SERVICE     CREATED              STATUS                        PORTS
local-opal_ai-1     local-opal_ai        "uvicorn opal_ai.mai…"   opal_ai     11 hours ago         Up 11 hours (healthy)         0.0.0.0:8000->8000/tcp, [::]:8000->8000/tcp
local-opal_core-1   local-opal_core      "/docker-entrypoint.…"   opal_core   About a minute ago   Up About a minute (healthy)   0.0.0.0:4000->4000/tcp, [::]:4000->4000/tcp
local-postgres-1    postgres:16-alpine   "docker-entrypoint.s…"   postgres    11 hours ago         Up 11 hours (healthy)         0.0.0.0:5432->5432/tcp, [::]:5432->5432/tcp
--- happy path: message + ai_echo ---
python request_count before=0
message response: {"message":{"ai_processing_state":"not_requested","body":"container e2e hello","client_message_id":"e2e-msg-1785538149","conversation_id":"b1111111-1111-4111-8111-111111111111","created_at":"2026-07-31T22:49:09.646952Z","delivery_state":"persisted","id":"f6654fad-9f48-4e37-a99a-7e809731b9d6","message_type":"text","schema_version":"0.1.0","sender_user_id":"a1111111-1111-4111-8111-111111111111","server_seq":12,"source_language":null},"origin":"created"}
ai-job response: {"job":{"capability":"ai_echo","consent_proof_id":"c1111111-1111-4111-8111-111111111111","conversation_id":"b1111111-1111-4111-8111-111111111111","created_at":"2026-07-31T22:49:10.361703Z","error_code":null,"failure_reason":null,"finished_at":null,"id":"b865e01c-91c8-4db6-9a2a-27d73d146b03","idempotency_key":"e2e-idem-1785538149","message_id":"f6654fad-9f48-4e37-a99a-7e809731b9d6","requester_user_id":"a1111111-1111-4111-8111-111111111111","result":null,"status":"queued","trace_id":"trace-e2e-1785538149"},"origin":"created"}
final job: {"job":{"capability":"ai_echo","consent_proof_id":"c1111111-1111-4111-8111-111111111111","conversation_id":"b1111111-1111-4111-8111-111111111111","created_at":"2026-07-31T22:49:10.361703Z","error_code":null,"failure_reason":null,"finished_at":"2026-07-31T22:49:10.554316Z","id":"b865e01c-91c8-4db6-9a2a-27d73d146b03","idempotency_key":"e2e-idem-1785538149","message_id":"f6654fad-9f48-4e37-a99a-7e809731b9d6","requester_user_id":"a1111111-1111-4111-8111-111111111111","result":{"completed_at":"2026-07-31T22:49:10.554316Z","model_metadata":{"model":"deterministic-echo","model_version":"0.1.0","provider":"local"},"output":{"character_count":19,"context_item_count":1,"normalized_text":"container e2e hello"},"safety":{"decision":"allowed","reasons":[]},"status":"completed"},"status":"completed","trace_id":"trace-e2e-1785538149"}}
python request_count after=1
events: {"ai_client":"OpalCore.AI.HTTPClient","enabled":true,"events":[{"event_id":"e963125a-8e94-4898-bfbb-2522977c7621","event_type":"ai_job.completed","occurred_at":"2026-07-31T22:49:10.666784Z","payload":{"conversation_id":"b1111111-1111-4111-8111-111111111111","error_code":null,"job_id":"b865e01c-91c8-4db6-9a2a-27d73d146b03","message_id":"f6654fad-9f48-4e37-a99a-7e809731b9d6","requester_user_id":"a1111111-1111-4111-8111-111111111111","status":"completed"},"schema_version":"0.1.0","trace_id":"trace-e2e-1785538149"}]}
server_seq first=12 second=13
--- invalid consent: denied must not call Python ---
denied http=403 body={"details":null,"error_code":"consent_denied","message":"Consent validation failed: denied","occurred_at":"2026-07-31T22:49:15.469505Z","retryable":false,"schema_version":"0.1.0","trace_id":"trace-http-error-0001"}
OK denied consent produced zero Python calls
--- AI idempotency over live path ---
idem ids 40068f47-acb9-495f-8c28-4c3340b66a1b vs 40068f47-acb9-495f-8c28-4c3340b66a1b origin2=idempotent python_count=1
--- safety refusal marker ---
refusal job: {"job":{"capability":"ai_echo","consent_proof_id":"c1111111-1111-4111-8111-111111111111","conversation_id":"b1111111-1111-4111-8111-111111111111","created_at":"2026-07-31T22:49:19.838212Z","error_code":null,"failure_reason":"OPAL_TEST_FORCE_REFUSAL","finished_at":"2026-07-31T22:49:20.020919Z","id":"967b4fc3-34c2-45f3-90cd-bdd5997c0872","idempotency_key":"e2e-refuse-1785538159","message_id":"150ab2ee-bdcc-44f6-bc93-a7c0196ff69e","requester_user_id":"a1111111-1111-4111-8111-111111111111","result":{"completed_at":"2026-07-31T22:49:20.020919Z","model_metadata":{"model":"deterministic-echo","model_version":"0.1.0","provider":"local"},"output":null,"safety":{"decision":"refused","reasons":["OPAL_TEST_FORCE_REFUSAL"]},"status":"refused"},"status":"refused","trace_id":"trace-e2e-refuse-00001"}}
--- Python unavailable ---
unavailable job: {"job":{"capability":"ai_echo","consent_proof_id":"c1111111-1111-4111-8111-111111111111","conversation_id":"b1111111-1111-4111-8111-111111111111","created_at":"2026-07-31T22:49:30.988367Z","error_code":"service_unavailable","failure_reason":"AI worker unavailable","finished_at":"2026-07-31T22:49:31.830268Z","id":"3f6160a6-20d0-42b3-9860-53f9283d6049","idempotency_key":"e2e-down-1785538170","message_id":"be3a51f3-bf53-4bd1-964b-1fc3c2667508","requester_user_id":"a1111111-1111-4111-8111-111111111111","result":null,"status":"failed","trace_id":"trace-e2e-down-0000001"}}
OK health: opal_ai-restart (http://127.0.0.1:8000/health)
=== ALL CONTAINER E2E CHECKS PASSED ===
teardown optional: docker compose -f infra/local/docker-compose.yml down -v
