Compiling 6 files (.ex)
     warning: clauses with the same name and arity (number of arguments) should be grouped together, "defp normalize_recorded_place/3" was previously defined (lib/opal_core/social_flow/physical/providers/recorded_places.ex:112)
     │
 203 │   defp normalize_recorded_place(_, _, _), do: nil
     │        ~
     │
     └─ lib/opal_core/social_flow/physical/providers/recorded_places.ex:203:8

    warning: def evaluate/2 has multiple clauses and also declares default values. In such cases, the default values should be defined in a header. Instead of:

        def foo(:first_clause, b \\ :default) do ... end
        def foo(:second_clause, b) do ... end

    one should write:

        def foo(a, b \\ :default)
        def foo(:first_clause, b) do ... end
        def foo(:second_clause, b) do ... end

    the previous clause is defined on line 42

    │
 94 │   def evaluate(_, _), do: evaluate(%{})
    │       ~
    │
    └─ lib/opal_core/social_flow/plan_state_arbitration.ex:94:7

     warning: def classify_temporal/2 has multiple clauses and also declares default values. In such cases, the default values should be defined in a header. Instead of:

         def foo(:first_clause, b \\ :default) do ... end
         def foo(:second_clause, b) do ... end

     one should write:

         def foo(a, b \\ :default)
         def foo(:first_clause, b) do ... end
         def foo(:second_clause, b) do ... end

     the previous clause is defined on line 123

     │
 149 │   def classify_temporal(_, _), do: "future"
     │       ~
     │
     └─ lib/opal_core/social_flow/plan_state_arbitration.ex:149:7

     warning: this clause of defp pacific_dst?/1 is never used
     │
 599 │   defp pacific_dst?(%DateTime{month: m}) when m >= 3 and m <= 10, do: true
     │        ~
     │
     └─ lib/opal_core/social_flow/plan_state_arbitration.ex:599:8: OpalCore.SocialFlow.PlanStateArbitration.pacific_dst?/1

Generated opal_core app

13:45:52.107 [info] == Running 20261005030000 OpalCore.Repo.Migrations.TripParticipants.change/0 forward

13:45:52.111 [info] create table trip_participants

13:45:52.145 [info] create index trip_participants_trip_id_user_id_uniq

13:45:52.149 [info] create index trip_participants_user_id_index

13:45:52.153 [info] == Migrated 20261005030000 in 0.0s
